
> my-v0-project@0.1.0 build
> next build

   Γû▓ Next.js 15.2.4

   Creating an optimized production build ...
node.exe : 
At C:\Program 
Files\nodejs\npm.ps1:29 
char:3
+   & $NODE_EXE $NPM_CLI_JS 
$args
+   ~~~~~~~~~~~~~~~~~~~~~~~~
~~~~~
    + CategoryInfo          
    : NotSpecified: (:Stri  
  ng) [], RemoteException
    + FullyQualifiedErrorId 
    : NativeCommandError
 
[1m[33mwarn[39m[22m - 
The class 
`duration-[2000ms]` is 
ambiguous and matches 
multiple utilities.
[1m[33mwarn[39m[22m - 
If this is content and not 
a class, replace it with `du
ration-&lsqb;2000ms&rsqb;` 
to silence this warning.
 Γ£ô Compiled successfully
   Skipping validation of types
   Skipping linting
   Collecting page data ...
   Generating static pages (0/57) ...
   Generating static pages (14/57) 
   Generating static pages (28/57) 
   Generating static pages (42/57) 
 Γ£ô Generating static pages (57/57)
   Finalizing page optimization ...
   Collecting build traces ...

Route (app)                                     Size  First Load JS
Γöî Γùï /                                        6.83 kB         166 kB
Γö£ Γùï /_not-found                                981 B         102 kB
Γö£ Γùï /about                                     220 B         156 kB
Γö£ Γùï /admin                                   3.56 kB         120 kB
Γö£ Γùï /admin/categories                        7.15 kB         153 kB
Γö£ Γùï /admin/comments                          6.44 kB         122 kB
Γö£ Γùï /admin/contacts                          6.03 kB         149 kB
Γö£ Γùï /admin/login                             5.66 kB         120 kB
Γö£ Γùï /admin/newsletter                         5.7 kB         122 kB
Γö£ Γùï /admin/orders                            8.44 kB         124 kB
Γö£ Γùï /admin/products                          47.8 kB         194 kB
Γö£ Γùï /admin/settings                          11.4 kB         127 kB
Γö£ Γùï /admin/support                           7.38 kB         154 kB
Γö£ Γùï /admin/users                             7.83 kB         136 kB
Γö£ ╞Æ /api/admin/auth/login                      245 B         101 kB
Γö£ ╞Æ /api/admin/auth/verify                     245 B         101 kB
Γö£ ╞Æ /api/admin/categories                      245 B         101 kB
Γö£ ╞Æ /api/admin/categories/[id]                 245 B         101 kB
Γö£ ╞Æ /api/admin/comments                        245 B         101 kB
Γö£ ╞Æ /api/admin/comments/[commentId]            245 B         101 kB
Γö£ ╞Æ /api/admin/comments/[commentId]/approve    245 B         101 kB
Γö£ ╞Æ /api/admin/comments/[commentId]/reject     245 B         101 kB
Γö£ ╞Æ /api/admin/contacts                        245 B         101 kB
Γö£ ╞Æ /api/admin/contacts/[id]                   245 B         101 kB
Γö£ ╞Æ /api/admin/orders                          245 B         101 kB
Γö£ ╞Æ /api/admin/orders/[id]                     245 B         101 kB
Γö£ ╞Æ /api/admin/products                        245 B         101 kB
Γö£ ╞Æ /api/admin/products/[id]                   245 B         101 kB
Γö£ ╞Æ /api/admin/users                           245 B         101 kB
Γö£ ╞Æ /api/admin/users/[id]                      245 B         101 kB
Γö£ ╞Æ /api/auth/signin                           245 B         101 kB
Γö£ ╞Æ /api/auth/signup                           245 B         101 kB
Γö£ ╞Æ /api/categories                            245 B         101 kB
Γö£ ╞Æ /api/contact                               245 B         101 kB
Γö£ ╞Æ /api/health                                245 B         101 kB
Γö£ ╞Æ /api/newsletter                            245 B         101 kB
Γö£ ╞Æ /api/newsletter/unsubscribe                245 B         101 kB
Γö£ ╞Æ /api/orders                                245 B         101 kB
Γö£ ╞Æ /api/products                              245 B         101 kB
Γö£ ╞Æ /api/products/[id]                         245 B         101 kB
Γö£ ╞Æ /api/products/[id]/comments                245 B         101 kB
Γö£ ╞Æ /api/products/[id]/comments/[commentId]    245 B         101 kB
Γö£ ╞Æ /api/products/category/[categoryId]        245 B         101 kB
Γö£ ╞Æ /api/products/ratings                      245 B         101 kB
Γö£ ╞Æ /api/search                                245 B         101 kB
Γö£ ╞Æ /api/test-db                               245 B         101 kB
Γö£ ╞Æ /api/upload                                245 B         101 kB
Γö£ ╞Æ /api/user/addresses                        245 B         101 kB
Γö£ ╞Æ /api/user/dashboard                        245 B         101 kB
Γö£ ╞Æ /api/user/orders                           245 B         101 kB
Γö£ ╞Æ /api/user/profile                          245 B         101 kB
Γö£ ╞Æ /api/wishlist                              245 B         101 kB
Γö£ Γùï /auth/forgot-password                    4.33 kB         116 kB
Γö£ Γùï /auth/signin                              4.8 kB         117 kB
Γö£ Γùï /auth/signup                             5.01 kB         117 kB
Γö£ Γùï /cart                                    2.58 kB         156 kB
Γö£ Γùï /checkout                                7.04 kB         166 kB
Γö£ Γùï /contact                                 4.04 kB         157 kB
Γö£ Γùï /dashboard                               4.94 kB         158 kB
Γö£ Γùï /dashboard/addresses                      5.3 kB         159 kB
Γö£ Γùï /dashboard/orders                        6.76 kB         160 kB
Γö£ Γùï /dashboard/profile                       4.71 kB         158 kB
Γö£ Γùï /order-confirmation                      5.92 kB         159 kB
Γö£ Γùï /products                                3.48 kB         172 kB
Γö£ ╞Æ /products/[id]                           5.88 kB         159 kB
Γö£ Γùï /robots.txt                                245 B         101 kB
Γö£ Γùï /sitemap.xml                               245 B         101 kB
Γöö Γùï /wishlist                                1.72 kB         163 kB
+ First Load JS shared by all                 101 kB
  Γö£ chunks/1684-ca06300d4241792e.js          45.3 kB
  Γö£ chunks/4bd1b696-4193941bd60204f1.js      53.2 kB
  Γöö other shared chunks (total)                 2 kB


╞Æ Middleware                                 32.4 kB

Γùï  (Static)   prerendered as static content
╞Æ  (Dynamic)  server-rendered on demand

